\BOOKMARK [0][-]{chapter*.1}{\376\377\000L\036\335\000i\000\040\000c\036\243\000m\000\040\001\241\000n}{}% 1
\BOOKMARK [0][-]{chapter.1}{\376\377\000T\036\325\000n\000g\000\040\000q\000u\000a\000n\000\040\000n\000g\000h\000i\000\352\000n\000\040\000c\036\351\000u}{}% 2
\BOOKMARK [1][-]{section.1.1}{\376\377\000B\036\321\000i\000\040\000c\036\243\000n\000h\000\040\000n\000g\000h\000i\000\352\000n\000\040\000c\036\351\000u}{chapter.1}% 3
\BOOKMARK [2][-]{subsection.1.1.1}{\376\377\000T\000h\036\361\000c\000\040\000t\000r\036\241\000n\000g\000\040\000t\000i\036\277\000p\000\040\000c\036\255\000n\000\040\000t\000h\000\364\000n\000g\000\040\000t\000i\000n\000\040\000y\000\040\000k\000h\000o\000a\000\040\000v\036\301\000\040\000b\036\307\000n\000h\000\040\000l\000\375\000\040\000v\036\301\000\040\000x\001\260\001\241\000n\000g}{section.1.1}% 4
\BOOKMARK [2][-]{subsection.1.1.2}{\376\377\000S\036\361\000\040\000t\000i\036\277\000n\000\040\000h\000\363\000a\000\040\000c\036\347\000a\000\040\000c\000\341\000c\000\040\000h\036\307\000\040\000t\000h\036\321\000n\000g\000\040\000h\036\317\000i\000\040\001\021\000\341\000p\000\040\000y\000\040\000t\036\277\000\040\000v\000\340\000\040\001\021\000i\036\303\000m\000\040\000n\000g\000h\036\275\000n\000\040\000c\000\364\000n\000g\000\040\000n\000g\000h\036\307}{section.1.1}% 5
\BOOKMARK [1][-]{section.1.2}{\376\377\001\020\036\331\000n\000g\000\040\000l\036\361\000c\000\040\000n\000g\000h\000i\000\352\000n\000\040\000c\036\351\000u}{chapter.1}% 6
\BOOKMARK [2][-]{subsection.1.2.1}{\376\377\000\335\000\040\000n\000g\000h\001\051\000a\000\040\000k\000h\000o\000a\000\040\000h\036\315\000c}{section.1.2}% 7
\BOOKMARK [2][-]{subsection.1.2.2}{\376\377\000\335\000\040\000n\000g\000h\001\051\000a\000\040\000t\000h\036\361\000c\000\040\000t\000i\036\305\000n}{section.1.2}% 8
\BOOKMARK [1][-]{section.1.3}{\376\377\000P\000h\000\341\000t\000\040\000b\000i\036\303\000u\000\040\000b\000\340\000i\000\040\000t\000o\000\341\000n\000\040\000v\000\340\000\040\000K\000h\000u\000n\000g\000\040\000k\000i\036\277\000n\000\040\000t\000r\000\372\000c\000\040\000R\000A\000G\000\040\000c\001\241\000\040\000b\036\243\000n}{chapter.1}% 9
\BOOKMARK [2][-]{subsection.1.3.1}{\376\377\000N\000g\000u\000y\000\352\000n\000\040\000l\000\375\000\040\000c\036\321\000t\000\040\000l\000\365\000i\000\040\000v\000\340\000\040\000B\000\340\000i\000\040\000t\000o\000\341\000n\000\040\000R\000A\000G\000\040\000t\036\325\000n\000g\000\040\000q\000u\000\341\000t}{section.1.3}% 10
\BOOKMARK [2][-]{subsection.1.3.2}{\376\377\000C\000\341\000c\000\040\036\251\000n\000\040\000s\036\321\000\040\000c\036\247\000n\000\040\000t\000\354\000m\000\040\000c\036\347\000a\000\040\000b\000\340\000i\000\040\000t\000o\000\341\000n}{section.1.3}% 11
\BOOKMARK [2][-]{subsection.1.3.3}{\376\377\000G\000i\000a\000i\000\040\001\021\000o\036\241\000n\000\040\000x\000\342\000y\000\040\000d\036\361\000n\000g\000\040\000t\000r\000i\000\040\000t\000h\036\351\000c}{section.1.3}% 12
\BOOKMARK [2][-]{subsection.1.3.4}{\376\377\000G\000i\000a\000i\000\040\001\021\000o\036\241\000n\000\040\000s\000u\000y\000\040\000d\000i\036\305\000n\000\040\000v\000\340\000\040\000T\036\321\000i\000\040\001\260\000u\000\040\000h\000\363\000a\000\040\000t\000o\000\340\000n\000\040\000c\036\345\000c}{section.1.3}% 13
\BOOKMARK [2][-]{subsection.1.3.5}{\376\377\000C\000\341\000c\000\040\000t\000i\000\352\000u\000\040\000c\000h\000\355\000\040\001\021\000\341\000n\000h\000\040\000g\000i\000\341\000\040\000b\000\340\000i\000\040\000t\000o\000\341\000n}{section.1.3}% 14
\BOOKMARK [1][-]{section.1.4}{\376\377\000C\000\341\000c\000\040\000t\000h\000\341\000c\000h\000\040\000t\000h\036\351\000c\000\040\000c\036\347\000a\000\040\000b\000\340\000i\000\040\000t\000o\000\341\000n}{chapter.1}% 15
\BOOKMARK [2][-]{subsection.1.4.1}{\376\377\000G\000i\036\333\000i\000\040\000h\036\241\000n\000\040\000c\036\347\000a\000\040\000b\036\331\000\040\000t\000r\000u\000y\000\040\000x\000u\036\245\000t\000\040\000t\000r\001\260\036\333\000c\000\040\000r\000\340\000o\000\040\000c\036\243\000n\000\040\000t\000h\000u\036\255\000t\000\040\000n\000g\036\357\000\040\000v\000\340\000\040\000n\000h\000i\036\305\000u\000\040\000n\000g\036\357\000\040\000n\000g\000h\001\051\000a}{section.1.4}% 16
\BOOKMARK [2][-]{subsection.1.4.2}{\376\377\001\020\036\351\000t\000\040\000g\000\343\000y\000\040\000n\000g\036\357\000\040\000c\036\243\000n\000h\000\040\000v\000\340\000\040\000n\001\003\000n\000g\000\040\000l\036\361\000c\000\040\000s\000u\000y\000\040\000l\000u\036\255\000n\000\040\000y\000\040\000k\000h\000o\000a\000\040\001\021\000a\000\040\000b\001\260\036\333\000c}{section.1.4}% 17
\BOOKMARK [2][-]{subsection.1.4.3}{\376\377\000X\000u\000n\000g\000\040\001\021\036\331\000t\000\040\000t\000r\000i\000\040\000t\000h\036\351\000c\000\040\000v\000\340\000\040\000c\000\341\000c\000\040\000d\036\241\000n\000g\000\040\036\243\000o\000\040\000g\000i\000\341\000c\000\040\000y\000\040\000k\000h\000o\000a}{section.1.4}% 18
\BOOKMARK [2][-]{subsection.1.4.4}{\376\377\000S\036\361\000\040\000k\000h\036\257\000t\000\040\000k\000h\000e\000\040\000t\000r\000o\000n\000g\000\040\000t\000i\000\352\000u\000\040\000c\000h\000u\036\251\000n\000\040\000a\000n\000\040\000t\000o\000\340\000n\000\040\000v\000\340\000\040\001\021\000\341\000n\000h\000\040\000g\000i\000\341\000\040\000l\000\342\000m\000\040\000s\000\340\000n\000g}{section.1.4}% 19
\BOOKMARK [1][-]{section.1.5}{\376\377\001\020\000\363\000n\000g\000\040\000g\000\363\000p\000\040\000c\036\347\000a\000\040\000n\000g\000h\000i\000\352\000n\000\040\000c\036\351\000u}{chapter.1}% 20
\BOOKMARK [1][-]{section*.2}{\376\377\000T\000\340\000i\000\040\000l\000i\036\307\000u\000\040\000t\000h\000a\000m\000\040\000k\000h\036\243\000o}{chapter.1}% 21
